nihao
haode 
hello
ok
